// Jest Snapshot v1, https://goo.gl/fbAQLP

exports[`components/channel_list/categories/body should match snapshot 1`] = `
Object {
  "children": Array [
    <View>
      <View
        onLayout={[Function]}
        style={null}
      >
        <View
          animatedStyle={
            Object {
              "value": Object {
                "height": 40,
                "marginVertical": 2,
                "opacity": 1,
              },
            }
          }
          collapsable={false}
          style={
            Object {
              "height": 40,
              "marginVertical": 2,
              "opacity": 1,
            }
          }
        >
          <View
            accessible={true}
            collapsable={false}
            focusable={true}
            onClick={[Function]}
            onResponderGrant={[Function]}
            onResponderMove={[Function]}
            onResponderRelease={[Function]}
            onResponderTerminate={[Function]}
            onResponderTerminationRequest={[Function]}
            onStartShouldSetResponder={[Function]}
            style={
              Object {
                "opacity": 1,
              }
            }
          >
            <View
              style={
                Object {
                  "alignItems": "center",
                  "flexDirection": "row",
                  "height": 40,
                  "paddingLeft": 2,
                }
              }
              testID="category.test_category.channel_list_item.channel.collapsed.false"
            >
              <View
                style={
                  Array [
                    Object {
                      "alignItems": "center",
                      "justifyContent": "center",
                    },
                    Object {
                      "height": 24,
                      "width": 24,
                    },
                    undefined,
                    undefined,
                  ]
                }
              >
                <Icon
                  name="globe"
                  style={
                    Array [
                      Object {
                        "color": "rgba(255,255,255,0.4)",
                      },
                      undefined,
                      undefined,
                      Object {
                        "fontSize": 24,
                        "left": 1,
                      },
                    ]
                  }
                  testID="undefined.public"
                />
              </View>
              <Text
                ellipsizeMode="tail"
                numberOfLines={1}
                style={
                  Array [
                    Object {
                      "fontFamily": "OpenSans",
                      "fontSize": 16,
                      "fontWeight": "400",
                      "lineHeight": 24,
                    },
                    Object {
                      "color": "rgba(255,255,255,0.72)",
                      "flex": 1,
                      "marginTop": -1,
                      "paddingLeft": 12,
                    },
                    false,
                    false,
                  ]
                }
                testID="category.test_category.channel_list_item.channel.display_name"
              >
                Channel
              </Text>
            </View>
          </View>
        </View>
      </View>
    </View>,
  ],
  "props": Object {
    "data": Anything,
    "getItem": [Function],
    "getItemCount": [Function],
    "initialNumToRender": 20,
    "invertStickyHeaders": undefined,
    "keyExtractor": [Function],
    "onContentSizeChange": [Function],
    "onLayout": [Function],
    "onMomentumScrollBegin": [Function],
    "onMomentumScrollEnd": [Function],
    "onScroll": [Function],
    "onScrollBeginDrag": [Function],
    "onScrollEndDrag": [Function],
    "removeClippedSubviews": true,
    "renderItem": [Function],
    "scrollEventThrottle": 50,
    "stickyHeaderIndices": Array [],
    "style": undefined,
    "updateCellsBatchingPeriod": 10,
    "viewabilityConfigCallbackPairs": Array [],
    "windowSize": 15,
  },
  "type": "RCTScrollView",
}
`;
