// Jest Snapshot v1, https://goo.gl/fbAQLP

exports[`components/channel_list/categories/header should match snapshot 1`] = `
<View
  accessible={true}
  collapsable={false}
  focusable={true}
  onClick={[Function]}
  onResponderGrant={[Function]}
  onResponderMove={[Function]}
  onResponderRelease={[Function]}
  onResponderTerminate={[Function]}
  onResponderTerminationRequest={[Function]}
  onStartShouldSetResponder={[Function]}
  style={
    {
      "opacity": 1,
    }
  }
  testID="channel_list.category_header.custom.collapsed.false"
>
  <View
    style={
      [
        {
          "alignItems": "flex-start",
          "flexDirection": "row",
          "marginLeft": 16,
          "marginTop": 12,
          "paddingLeft": 2,
          "paddingVertical": 8,
        },
        null,
      ]
    }
  >
    <Icon
      animatedStyle={
        {
          "value": {
            "transform": [
              {
                "rotate": "0deg",
              },
            ],
          },
        }
      }
      collapsable={false}
      name="chevron-down"
      size={20}
      style={
        {
          "color": "rgba(255,255,255,0.64)",
          "height": 20,
          "marginRight": 2,
          "marginTop": -2,
          "transform": [
            {
              "rotate": "0deg",
            },
          ],
          "width": 20,
        }
      }
    />
    <Text
      style={
        {
          "color": "rgba(255,255,255,0.64)",
          "fontFamily": "OpenSans-SemiBold",
          "fontSize": 12,
          "fontWeight": "600",
          "lineHeight": 16,
          "textTransform": "uppercase",
        }
      }
      testID="channel_list.category_header.custom.display_name"
    >
      Test Category
    </Text>
  </View>
</View>
`;
