// Jest Snapshot v1, https://goo.gl/fbAQLP

exports[`Search Field should match snapshot 1`] = `
<View
  accessible={true}
  focusable={true}
  onClick={[Function]}
  onResponderGrant={[Function]}
  onResponderMove={[Function]}
  onResponderRelease={[Function]}
  onResponderTerminate={[Function]}
  onResponderTerminationRequest={[Function]}
  onStartShouldSetResponder={[Function]}
  style={
    {
      "backgroundColor": "rgba(255,255,255,0.12)",
      "borderRadius": 8,
      "flex": 1,
      "flexDirection": "row",
      "height": 40,
      "justifyContent": "flex-start",
      "marginVertical": 20,
      "padding": 8,
    }
  }
  testID="channel_list_subheader.search_field.button"
>
  <Icon
    name="magnify"
    style={
      {
        "color": "rgba(255,255,255,0.72)",
        "fontSize": 24,
        "width": 24,
      }
    }
  />
  <Text
    style={
      {
        "color": "rgba(255,255,255,0.72)",
        "fontFamily": "OpenSans",
        "fontSize": 16,
        "fontWeight": "400",
        "lineHeight": 24,
        "marginLeft": 5,
        "marginTop": 1,
      }
    }
  >
    Find channels...
  </Text>
</View>
`;
