// Jest Snapshot v1, https://goo.gl/fbAQLP

exports[`components/channel_list/categories/body/channel_item should match snapshot 1`] = `
<View
  accessible={true}
  collapsable={false}
  focusable={true}
  onClick={[Function]}
  onResponderGrant={[Function]}
  onResponderMove={[Function]}
  onResponderRelease={[Function]}
  onResponderTerminate={[Function]}
  onResponderTerminationRequest={[Function]}
  onStartShouldSetResponder={[Function]}
  style={
    {
      "opacity": 1,
    }
  }
>
  <View
    style={
      [
        {
          "alignItems": "center",
          "flexDirection": "row",
          "minHeight": 40,
          "paddingHorizontal": 20,
        },
        false,
        undefined,
        {
          "minHeight": 40,
        },
      ]
    }
    testID="channel_item.hello"
  >
    <View
      style={
        {
          "flex": 1,
          "flexDirection": "row",
        }
      }
    >
      <View
        style={
          [
            {
              "alignItems": "center",
              "justifyContent": "center",
            },
            {
              "height": 24,
              "width": 24,
            },
            undefined,
            undefined,
          ]
        }
      >
        <Icon
          name="globe"
          style={
            [
              {
                "color": "rgba(255,255,255,0.4)",
              },
              undefined,
              undefined,
              {
                "fontSize": 24,
                "left": 1,
              },
            ]
          }
          testID="undefined.public"
        />
      </View>
      <View>
        <Text
          ellipsizeMode="tail"
          numberOfLines={1}
          style={
            [
              {
                "fontFamily": "OpenSans",
                "fontSize": 16,
                "fontWeight": "400",
                "lineHeight": 24,
              },
              {
                "color": "rgba(255,255,255,0.72)",
                "marginTop": -1,
                "paddingLeft": 12,
                "paddingRight": 20,
              },
              false,
              null,
              null,
              false,
              false,
            ]
          }
          testID="channel_item.hello.display_name"
        >
          Hello!
        </Text>
      </View>
    </View>
  </View>
</View>
`;

exports[`components/channel_list/categories/body/channel_item should match snapshot when it has a call 1`] = `
<View
  accessible={true}
  collapsable={false}
  focusable={true}
  onClick={[Function]}
  onResponderGrant={[Function]}
  onResponderMove={[Function]}
  onResponderRelease={[Function]}
  onResponderTerminate={[Function]}
  onResponderTerminationRequest={[Function]}
  onStartShouldSetResponder={[Function]}
  style={
    {
      "opacity": 1,
    }
  }
>
  <View
    style={
      [
        {
          "alignItems": "center",
          "flexDirection": "row",
          "minHeight": 40,
          "paddingHorizontal": 20,
        },
        false,
        undefined,
        {
          "minHeight": 40,
        },
      ]
    }
    testID="channel_item.hello"
  >
    <View
      style={
        {
          "flex": 1,
          "flexDirection": "row",
        }
      }
    >
      <View
        style={
          [
            {
              "alignItems": "center",
              "justifyContent": "center",
            },
            {
              "height": 24,
              "width": 24,
            },
            undefined,
            undefined,
          ]
        }
      >
        <Icon
          name="pencil-outline"
          style={
            [
              {
                "color": "rgba(255,255,255,0.4)",
              },
              undefined,
              undefined,
              {
                "fontSize": 24,
                "left": 2,
              },
            ]
          }
          testID="undefined.draft"
        />
      </View>
      <View>
        <Text
          ellipsizeMode="tail"
          numberOfLines={1}
          style={
            [
              {
                "fontFamily": "OpenSans",
                "fontSize": 16,
                "fontWeight": "400",
                "lineHeight": 24,
              },
              {
                "color": "rgba(255,255,255,0.72)",
                "marginTop": -1,
                "paddingLeft": 12,
                "paddingRight": 20,
              },
              false,
              null,
              null,
              false,
              false,
            ]
          }
          testID="channel_item.hello.display_name"
        >
          Hello!
        </Text>
      </View>
    </View>
    <Icon
      name="phone-in-talk"
      size={16}
      style={
        [
          {
            "fontFamily": "OpenSans",
            "fontSize": 16,
            "fontWeight": "400",
            "lineHeight": 24,
          },
          {
            "color": "rgba(255,255,255,0.72)",
            "marginTop": -1,
            "paddingLeft": 12,
            "paddingRight": 20,
          },
          false,
          null,
          null,
          false,
          false,
          {
            "paddingRight": 0,
            "textAlign": "right",
          },
        ]
      }
    />
  </View>
</View>
`;

exports[`components/channel_list/categories/body/channel_item should match snapshot when it has a draft 1`] = `
<View
  accessible={true}
  collapsable={false}
  focusable={true}
  onClick={[Function]}
  onResponderGrant={[Function]}
  onResponderMove={[Function]}
  onResponderRelease={[Function]}
  onResponderTerminate={[Function]}
  onResponderTerminationRequest={[Function]}
  onStartShouldSetResponder={[Function]}
  style={
    {
      "opacity": 1,
    }
  }
>
  <View
    style={
      [
        {
          "alignItems": "center",
          "flexDirection": "row",
          "minHeight": 40,
          "paddingHorizontal": 20,
        },
        false,
        undefined,
        {
          "minHeight": 40,
        },
      ]
    }
    testID="channel_item.hello"
  >
    <View
      style={
        {
          "flex": 1,
          "flexDirection": "row",
        }
      }
    >
      <View
        style={
          [
            {
              "alignItems": "center",
              "justifyContent": "center",
            },
            {
              "height": 24,
              "width": 24,
            },
            undefined,
            undefined,
          ]
        }
      >
        <Icon
          name="pencil-outline"
          style={
            [
              {
                "color": "rgba(255,255,255,0.4)",
              },
              undefined,
              undefined,
              {
                "fontSize": 24,
                "left": 2,
              },
            ]
          }
          testID="undefined.draft"
        />
      </View>
      <View>
        <Text
          ellipsizeMode="tail"
          numberOfLines={1}
          style={
            [
              {
                "fontFamily": "OpenSans",
                "fontSize": 16,
                "fontWeight": "400",
                "lineHeight": 24,
              },
              {
                "color": "rgba(255,255,255,0.72)",
                "marginTop": -1,
                "paddingLeft": 12,
                "paddingRight": 20,
              },
              false,
              null,
              null,
              false,
              false,
            ]
          }
          testID="channel_item.hello.display_name"
        >
          Hello!
        </Text>
      </View>
    </View>
  </View>
</View>
`;
