// Jest Snapshot v1, https://goo.gl/fbAQLP

exports[`ForgotPassword should match snapshot 1`] = `
<RNCSafeAreaView
  style={
    Object {
      "flex": 1,
    }
  }
  testID="forgot.password.screen"
>
  <View
    accessible={true}
    focusable={true}
    onClick={[Function]}
    onResponderGrant={[Function]}
    onResponderMove={[Function]}
    onResponderRelease={[Function]}
    onResponderTerminate={[Function]}
    onResponderTerminationRequest={[Function]}
    onStartShouldSetResponder={[Function]}
    style={
      Object {
        "alignItems": "center",
        "flexDirection": "column",
        "justifyContent": "center",
        "paddingHorizontal": 15,
        "paddingVertical": 50,
      }
    }
  >
    <Image
      source={
        Object {
          "testUri": "../../../dist/assets/images/logo.png",
        }
      }
      style={
        Object {
          "height": 72,
          "resizeMode": "contain",
        }
      }
    />
    <Text
      style={
        Array [
          Object {
            "color": "#fd5960",
            "fontSize": 12,
            "marginBottom": 15,
            "marginTop": 15,
            "textAlign": "left",
          },
          undefined,
        ]
      }
      testID="forgot.password.error.text"
    >
      
    </Text>
    <View
      testID="password_send.link.prepare"
    >
      <Text
        style={
          Array [
            Object {
              "color": "rgba(61,60,64,0.6)",
              "fontSize": 16,
              "fontWeight": "300",
              "lineHeight": 22,
              "marginBottom": 15,
              "textAlign": "center",
            },
            Object {
              "paddingTop": 15,
            },
          ]
        }
      >
        To reset your password, enter the email address you used to sign up
      </Text>
      <TextInput
        allowFontScaling={true}
        autoCapitalize="none"
        autoCorrect={false}
        blurOnSubmit={false}
        disableFullscreenUI={true}
        keyboardType="email-address"
        onChangeText={[Function]}
        placeholder="Email"
        placeholderTextColor="rgba(61,60,64,0.5)"
        rejectResponderTermination={true}
        style={
          Object {
            "alignSelf": "stretch",
            "borderColor": "gainsboro",
            "borderRadius": 3,
            "borderWidth": 1,
            "color": "#3d3c40",
            "fontSize": 16,
            "height": 45,
            "marginBottom": 5,
            "marginTop": 5,
            "paddingLeft": 10,
          }
        }
        testID="forgot.password.email"
        underlineColorAndroid="transparent"
      />
      <View
        accessibilityRole="button"
        accessible={true}
        focusable={false}
        onClick={[Function]}
        onResponderGrant={[Function]}
        onResponderMove={[Function]}
        onResponderRelease={[Function]}
        onResponderTerminate={[Function]}
        onResponderTerminationRequest={[Function]}
        onStartShouldSetResponder={[Function]}
        style={
          Object {
            "alignItems": "center",
            "alignSelf": "stretch",
            "borderColor": "#166de0",
            "borderRadius": 3,
            "borderWidth": 1,
            "marginTop": 10,
            "opacity": 1,
            "padding": 15,
          }
        }
        testID="forgot.password.button"
      >
        <Text
          style={
            Object {
              "color": "#166de0",
              "fontSize": 17,
              "textAlign": "center",
            }
          }
        >
          Reset my password
        </Text>
      </View>
    </View>
  </View>
</RNCSafeAreaView>
`;
