// Jest Snapshot v1, https://goo.gl/fbAQLP

exports[`Threads Component should match snapshot 1`] = `
<View
  onMoveShouldSetResponder={[Function]}
  onMoveShouldSetResponderCapture={[Function]}
  onResponderEnd={[Function]}
  onResponderGrant={[Function]}
  onResponderMove={[Function]}
  onResponderReject={[Function]}
  onResponderRelease={[Function]}
  onResponderStart={[Function]}
  onResponderTerminate={[Function]}
  onResponderTerminationRequest={[Function]}
  onStartShouldSetResponder={[Function]}
  onStartShouldSetResponderCapture={[Function]}
  testID="channel_list.threads.button"
>
  <View
    accessible={true}
    focusable={true}
    onClick={[Function]}
    onResponderGrant={[Function]}
    onResponderMove={[Function]}
    onResponderRelease={[Function]}
    onResponderTerminate={[Function]}
    onResponderTerminationRequest={[Function]}
    onStartShouldSetResponder={[Function]}
  >
    <View
      style={
        Object {
          "display": "flex",
          "flexDirection": "row",
        }
      }
    >
      <Icon
        name="message-text-outline"
        style={
          Object {
            "color": "#ffffff",
            "fontSize": 24,
            "lineHeight": 28,
          }
        }
      />
      <Text
        style={
          Array [
            Array [
              Object {
                "fontFamily": "OpenSans-SemiBold",
                "fontSize": 16,
                "fontWeight": "600",
                "lineHeight": 24,
              },
            ],
            Object {
              "color": "#ffffff",
              "paddingLeft": 12,
            },
          ]
        }
      >
        Threads
      </Text>
    </View>
  </View>
</View>
`;
