// Jest Snapshot v1, https://goo.gl/fbAQLP

exports[`Loading  should match snapshot 1`] = `
<View>
  <ActivityIndicator />
</View>
`;
